###############################################################################
#
# IAR ELF Linker V7.80.4.12462/W32 for ARM                05/Mar/2017  20:13:05
# Copyright 2007-2017 IAR Systems AB.
#
#    Output file  =  C:\Users\ichyo\git\mid\EWARM\mid\Exe\mid.out
#    Map file     =  C:\Users\ichyo\git\mid\EWARM\mid\List\mid.map
#    Command line =  
#        C:\Users\ichyo\git\mid\EWARM\mid\Obj\main.o
#        C:\Users\ichyo\git\mid\EWARM\mid\Obj\startup_stm32f072xb.o
#        C:\Users\ichyo\git\mid\EWARM\mid\Obj\stm32f0xx_hal.o
#        C:\Users\ichyo\git\mid\EWARM\mid\Obj\stm32f0xx_hal_cortex.o
#        C:\Users\ichyo\git\mid\EWARM\mid\Obj\stm32f0xx_hal_dma.o
#        C:\Users\ichyo\git\mid\EWARM\mid\Obj\stm32f0xx_hal_flash.o
#        C:\Users\ichyo\git\mid\EWARM\mid\Obj\stm32f0xx_hal_flash_ex.o
#        C:\Users\ichyo\git\mid\EWARM\mid\Obj\stm32f0xx_hal_gpio.o
#        C:\Users\ichyo\git\mid\EWARM\mid\Obj\stm32f0xx_hal_i2c.o
#        C:\Users\ichyo\git\mid\EWARM\mid\Obj\stm32f0xx_hal_i2c_ex.o
#        C:\Users\ichyo\git\mid\EWARM\mid\Obj\stm32f0xx_hal_msp.o
#        C:\Users\ichyo\git\mid\EWARM\mid\Obj\stm32f0xx_hal_pwr.o
#        C:\Users\ichyo\git\mid\EWARM\mid\Obj\stm32f0xx_hal_pwr_ex.o
#        C:\Users\ichyo\git\mid\EWARM\mid\Obj\stm32f0xx_hal_rcc.o
#        C:\Users\ichyo\git\mid\EWARM\mid\Obj\stm32f0xx_hal_rcc_ex.o
#        C:\Users\ichyo\git\mid\EWARM\mid\Obj\stm32f0xx_it.o
#        C:\Users\ichyo\git\mid\EWARM\mid\Obj\system_stm32f0xx.o --redirect
#        _Printf=_PrintfFull --redirect _Scanf=_ScanfFull -o
#        C:\Users\ichyo\git\mid\EWARM\mid\Exe\mid.out --map
#        C:\Users\ichyo\git\mid\EWARM\mid\List\mid.map --config
#        C:\Users\ichyo\git\mid\EWARM/stm32f072xb_flash.icf --semihosting
#        --entry __iar_program_start --vfe
#
###############################################################################

*******************************************************************************
*** RUNTIME MODEL ATTRIBUTES
***

CppFlavor       = *
__SystemLibrary = DLib


*******************************************************************************
*** PLACEMENT SUMMARY
***

"A0":  place at 0x08000000 { ro section .intvec };
"P1":  place in [from 0x08000000 to 0x0801ffff] { ro };
"P2":  place in [from 0x20000000 to 0x20003fff] { rw, block CSTACK, block HEAP };
initialize by copy { rw };

  Section            Kind        Address   Size  Object
  -------            ----        -------   ----  ------
"A0":                                      0xc0
  .intvec            ro code  0x08000000   0xc0  startup_stm32f072xb.o [1]
                            - 0x080000c0   0xc0

"P1":                                     0xd16
  .text              ro code  0x080000c0  0x5fc  stm32f0xx_hal_rcc.o [1]
  .text              ro code  0x080006bc    0xc  stm32f0xx_hal.o [1]
  .text              ro code  0x080006c8   0x24  stm32f0xx_hal.o [1]
  .text              ro code  0x080006ec   0x34  ABImemcpy.o [4]
  .text              ro code  0x08000720   0xae  I32DivModFast.o [4]
  .text              ro code  0x080007ce    0x2  startup_stm32f072xb.o [1]
  .text              ro code  0x080007d0   0x96  stm32f0xx_hal_cortex.o [1]
  .text              ro code  0x08000866    0x2  startup_stm32f072xb.o [1]
  .text              ro code  0x08000868    0x2  IntDivZer.o [4]
  .text              ro code  0x0800086a    0x2  startup_stm32f072xb.o [1]
  .text              ro code  0x0800086c  0x1c0  stm32f0xx_hal_gpio.o [1]
  .text              ro code  0x08000a2c  0x190  main.o [1]
  .text              ro code  0x08000bbc   0x20  stm32f0xx_hal.o [1]
  .text              ro code  0x08000bdc   0x18  stm32f0xx_hal.o [1]
  .text              ro code  0x08000bf4   0x40  stm32f0xx_hal_msp.o [1]
  .text              ro code  0x08000c34   0x70  system_stm32f0xx.o [1]
  .text              ro code  0x08000ca4   0x30  copy_init3.o [4]
  .text              ro code  0x08000cd4   0x28  data_init.o [4]
  .iar.init_table    const    0x08000cfc   0x14  - Linker created -
  .text              ro code  0x08000d10   0x1a  cmain.o [4]
  .text              ro code  0x08000d2a    0x4  low_level_init.o [3]
  .text              ro code  0x08000d2e    0x8  exit.o [3]
  .text              ro code  0x08000d36    0x2  startup_stm32f072xb.o [1]
  .text              ro code  0x08000d38    0xa  cexit.o [4]
  .text              ro code  0x08000d42    0x2  startup_stm32f072xb.o [1]
  .text              ro code  0x08000d44   0x14  exit.o [5]
  .text              ro code  0x08000d58   0x14  stm32f0xx_it.o [1]
  .text              ro code  0x08000d6c   0x10  stm32f0xx_hal.o [1]
  .text              ro code  0x08000d7c   0x10  startup_stm32f072xb.o [1]
  .text              ro code  0x08000d8c    0xc  cstartup_M.o [4]
  Initializer bytes  const    0x08000d98    0x8  <for P2-1>
  .text              ro code  0x08000da0    0x2  startup_stm32f072xb.o [1]
  .text              ro code  0x08000da2    0x2  startup_stm32f072xb.o [1]
  .text              ro code  0x08000da4    0x2  startup_stm32f072xb.o [1]
  .text              ro code  0x08000da6    0x2  startup_stm32f072xb.o [1]
  .text              ro code  0x08000da8    0x2  startup_stm32f072xb.o [1]
  .text              ro code  0x08000daa    0x2  startup_stm32f072xb.o [1]
  .text              ro code  0x08000dac    0x2  startup_stm32f072xb.o [1]
  .text              ro code  0x08000dae    0x2  startup_stm32f072xb.o [1]
  .text              ro code  0x08000db0    0x2  startup_stm32f072xb.o [1]
  .text              ro code  0x08000db2    0x2  startup_stm32f072xb.o [1]
  .text              ro code  0x08000db4    0x2  startup_stm32f072xb.o [1]
  .text              ro code  0x08000db6    0x2  startup_stm32f072xb.o [1]
  .text              ro code  0x08000db8    0x2  startup_stm32f072xb.o [1]
  .text              ro code  0x08000dba    0x2  startup_stm32f072xb.o [1]
  .text              ro code  0x08000dbc    0x2  startup_stm32f072xb.o [1]
  .text              ro code  0x08000dbe    0x2  startup_stm32f072xb.o [1]
  .text              ro code  0x08000dc0    0x2  startup_stm32f072xb.o [1]
  .text              ro code  0x08000dc2    0x2  startup_stm32f072xb.o [1]
  .text              ro code  0x08000dc4    0x2  startup_stm32f072xb.o [1]
  .text              ro code  0x08000dc6    0x2  startup_stm32f072xb.o [1]
  .text              ro code  0x08000dc8    0x2  startup_stm32f072xb.o [1]
  .text              ro code  0x08000dca    0x2  startup_stm32f072xb.o [1]
  .text              ro code  0x08000dcc    0x2  startup_stm32f072xb.o [1]
  .text              ro code  0x08000dce    0x2  startup_stm32f072xb.o [1]
  .text              ro code  0x08000dd0    0x2  startup_stm32f072xb.o [1]
  .text              ro code  0x08000dd2    0x2  startup_stm32f072xb.o [1]
  .text              ro code  0x08000dd4    0x2  startup_stm32f072xb.o [1]
  .rodata            const    0x08000dd6    0x0  copy_init3.o [4]
                            - 0x08000dd6  0xd16

"P2", part 1 of 2:                          0x8
  P2-1                        0x20000000    0x8  <Init block>
    .data            inited   0x20000000    0x4  system_stm32f0xx.o [1]
    .bss             inited   0x20000004    0x4  stm32f0xx_hal.o [1]
                            - 0x20000008    0x8

"P2", part 2 of 2:                        0x400
  CSTACK                      0x20000008  0x400  <Block>
    CSTACK           uninit   0x20000008  0x400  <Block tail>
                            - 0x20000408  0x400


*******************************************************************************
*** INIT TABLE
***

          Address     Size
          -------     ----
Copy (__iar_copy_init3)
    1 source range, total size 0x8:
          0x08000d98   0x8
    1 destination range, total size 0x8:
          0x20000000   0x8



*******************************************************************************
*** MODULE SUMMARY
***

    Module                  ro code  ro data  rw data
    ------                  -------  -------  -------
C:\Users\ichyo\git\mid\EWARM\mid\Obj: [1]
    main.o                      400
    startup_stm32f072xb.o       272
    stm32f0xx_hal.o             120        4        4
    stm32f0xx_hal_cortex.o      150
    stm32f0xx_hal_gpio.o        448
    stm32f0xx_hal_msp.o          64
    stm32f0xx_hal_rcc.o       1 532
    stm32f0xx_it.o               20
    system_stm32f0xx.o          112        4        4
    -------------------------------------------------
    Total:                    3 118        8        8

command line: [2]
    -------------------------------------------------
    Total:

dl6M_tlf.a: [3]
    exit.o                        8
    low_level_init.o              4
    -------------------------------------------------
    Total:                       12

rt6M_tl.a: [4]
    ABImemcpy.o                  52
    I32DivModFast.o             174
    IntDivZer.o                   2
    cexit.o                      10
    cmain.o                      26
    copy_init3.o                 48
    cstartup_M.o                 12
    data_init.o                  40
    -------------------------------------------------
    Total:                      364

shb_l.a: [5]
    exit.o                       20
    -------------------------------------------------
    Total:                       20

    Linker created                        20    1 024
-----------------------------------------------------
    Grand Total:              3 514       28    1 032


*******************************************************************************
*** ENTRY LIST
***

Entry                      Address   Size  Type      Object
-----                      -------   ----  ----      ------
.iar.init_table$$Base   0x08000cfc          --   Gb  - Linker created -
.iar.init_table$$Limit  0x08000d10          --   Gb  - Linker created -
?main                   0x08000d11         Code  Gb  cmain.o [4]
AHBPrescTable           0x08000c94   0x10  Data  Gb  system_stm32f0xx.o [1]
CSTACK$$Base            0x20000008          --   Gb  - Linker created -
CSTACK$$Limit           0x20000408          --   Gb  - Linker created -
HAL_Delay               0x08000bdd   0x18  Code  Wk  stm32f0xx_hal.o [1]
HAL_GPIO_Init           0x0800086d  0x198  Code  Gb  stm32f0xx_hal_gpio.o [1]
HAL_GPIO_WritePin       0x08000a05    0xc  Code  Gb  stm32f0xx_hal_gpio.o [1]
HAL_GetTick             0x080006bd    0xc  Code  Wk  stm32f0xx_hal.o [1]
HAL_IncTick             0x08000d6d   0x10  Code  Wk  stm32f0xx_hal.o [1]
HAL_Init                0x08000bbd   0x1a  Code  Gb  stm32f0xx_hal.o [1]
HAL_InitTick            0x080006c9   0x24  Code  Wk  stm32f0xx_hal.o [1]
HAL_MspInit             0x08000bf5   0x40  Code  Gb  stm32f0xx_hal_msp.o [1]
HAL_NVIC_SetPriority    0x08000805    0x8  Code  Gb  stm32f0xx_hal_cortex.o [1]
HAL_RCC_ClockConfig     0x080004ad  0x14e  Code  Gb  stm32f0xx_hal_rcc.o [1]
HAL_RCC_GetHCLKFreq     0x0800066b    0x6  Code  Gb  stm32f0xx_hal_rcc.o [1]
HAL_RCC_GetSysClockFreq
                        0x08000601   0x6a  Code  Gb  stm32f0xx_hal_rcc.o [1]
HAL_RCC_OscConfig       0x080000c1  0x3e0  Code  Gb  stm32f0xx_hal_rcc.o [1]
HAL_SYSTICK_CLKSourceConfig
                        0x08000835   0x18  Code  Gb  stm32f0xx_hal_cortex.o [1]
HAL_SYSTICK_Callback    0x08000865    0x2  Code  Wk  stm32f0xx_hal_cortex.o [1]
HAL_SYSTICK_Config      0x0800080d   0x28  Code  Gb  stm32f0xx_hal_cortex.o [1]
HAL_SYSTICK_IRQHandler  0x0800085d    0x8  Code  Gb  stm32f0xx_hal_cortex.o [1]
HardFault_Handler       0x08000d5b    0x2  Code  Gb  stm32f0xx_it.o [1]
MX_GPIO_Init            0x08000ac3   0xdc  Code  Lc  main.o [1]
NMI_Handler             0x08000d59    0x2  Code  Gb  stm32f0xx_it.o [1]
NVIC_SetPriority        0x080007d1   0x34  Code  Lc  stm32f0xx_hal_cortex.o [1]
PendSV_Handler          0x08000d5f    0x2  Code  Gb  stm32f0xx_it.o [1]
Region$$Table$$Base     0x08000cfc          --   Gb  - Linker created -
Region$$Table$$Limit    0x08000d10          --   Gb  - Linker created -
SVC_Handler             0x08000d5d    0x2  Code  Gb  stm32f0xx_it.o [1]
SysTick_Handler         0x08000d61    0xc  Code  Gb  stm32f0xx_it.o [1]
SystemClock_Config      0x08000a65   0x5e  Code  Gb  main.o [1]
SystemCoreClock         0x20000000    0x4  Data  Gb  system_stm32f0xx.o [1]
SystemInit              0x08000c35   0x48  Code  Gb  system_stm32f0xx.o [1]
__ICFEDIT_region_RAM_end__ {Abs}
                        0x20003fff         Data  Gb  command line/config [2]
__ICFEDIT_region_RAM_start__ {Abs}
                        0x20000000         Data  Gb  command line/config [2]
__aeabi_idiv0           0x08000869         Code  Gb  IntDivZer.o [4]
__aeabi_memcpy4         0x080006ed         Code  Wk  ABImemcpy.o [4]
__aeabi_uidiv           0x08000721         Code  Gb  I32DivModFast.o [4]
__aeabi_uidivmod        0x08000721         Code  Gb  I32DivModFast.o [4]
__cmain                 0x08000d11         Code  Gb  cmain.o [4]
__exit                  0x08000d45   0x14  Code  Gb  exit.o [5]
__iar_copy_init3        0x08000ca5   0x30  Code  Gb  copy_init3.o [4]
__iar_data_init3        0x08000cd5   0x28  Code  Gb  data_init.o [4]
__iar_program_start     0x08000d8d         Code  Gb  cstartup_M.o [4]
__low_level_init        0x08000d2b    0x4  Code  Gb  low_level_init.o [3]
__vector_table          0x08000000         Data  Gb  startup_stm32f072xb.o [1]
_call_main              0x08000d1d         Code  Gb  cmain.o [4]
_exit                   0x08000d39         Code  Gb  cexit.o [4]
_main                   0x08000d27         Code  Gb  cmain.o [4]
exit                    0x08000d2f    0x8  Code  Gb  exit.o [3]
main                    0x08000a2d   0x38  Code  Gb  main.o [1]
uwTick                  0x20000004    0x4  Data  Gb  stm32f0xx_hal.o [1]


[1] = C:\Users\ichyo\git\mid\EWARM\mid\Obj
[2] = command line
[3] = dl6M_tlf.a
[4] = rt6M_tl.a
[5] = shb_l.a

  3 514 bytes of readonly  code memory
     28 bytes of readonly  data memory
  1 032 bytes of readwrite data memory

Errors: none
Warnings: none
